[jobboard.inwavethemes.com/candidate/thaidaik123/index.html]
[backblue.gif]
[fade.gif]
[index.html]
[jobboard.inwavethemes.com/candidate/thaidaik123/index.html]
[static-jobboard.inwavethemes.com/wp-content/cache/autoptimize/css/autoptimize_566cdc9f207804c486e21c4e7a4fd37c.css]
[jobboard.inwavethemes.com/wp-content/plugins/contact-form-7/images/ajax-loader.gif]
[cdn.shortpixel.ai/client/q_glossy,ret_img/http_/jobboard.inwavethemes.com/wp-content/plugins/inwave-common/assets/images/bg-info-item4.png]
[cdn.shortpixel.ai/client/q_glossy,ret_img/http_/jobboard.inwavethemes.com/wp-content/plugins/iwjob/assets/img/loading.gif]
[jobboard.inwavethemes.com/wp-content/plugins/iwjob/assets/img/loading.gif]
[cdn.shortpixel.ai/client/q_glossy,ret_img/http_/jobboard.inwavethemes.com/wp-content/plugins/iwjob/assets/owlcarousel/assets/owl.video.play.png]
[jobboard.inwavethemes.com/wp-content/plugins/iwjob/assets/owlcarousel/assets/owl.video.play.png]
[cdn.shortpixel.ai/client/q_glossy,ret_img/http_/jobboard.inwavethemes.com/wp-content/plugins/iwjob/assets/images/bg_dah_employer_detail.png]
[jobboard.inwavethemes.com/wp-content/plugins/iwjob/assets/images/bg_dah_employer_detail.png]
[cdn.shortpixel.ai/client/q_glossy,ret_img/http_/jobboard.inwavethemes.com/wp-content/themes/injob/assets/images/404_bg.jpg]
[jobboard.inwavethemes.com/wp-content/themes/injob/assets/images/404_bg.jpg]
[cdn.shortpixel.ai/client/q_glossy,ret_img/http_/jobboard.inwavethemes.com/wp-content/uploads/2018/05/job_heading_bg.jpg]
[jobboard.inwavethemes.com/wp-content/uploads/2018/05/job_heading_bg.jpg]
[jobboard.inwavethemes.com/wp-content/plugins/iwjob/assets/fancybox/fancybox_sprite.png]
[cdn.shortpixel.ai/client/q_glossy,ret_img/http_/jobboard.inwavethemes.com/wp-content/plugins/iwjob/includes/class/fields/assets/img/drag_icon.gif]
[jobboard.inwavethemes.com/wp-content/plugins/iwjob/includes/class/fields/assets/img/drag_icon.gif]
[static-jobboard.inwavethemes.com/wp-content/cache/autoptimize/css/autoptimize_566cdc9f207804c486e21c4e7a4fd37c.css]
[jobboard.inwavethemes.com/wp-content/plugins/inwave-common/assets/images/bg-info-item4.png]
